<html>
<body>
<pre>
<h1>礦ision Build Log</h1>
<h2>Tool Versions:</h2>
IDE-Version: μVision V5.23.0.0
Copyright (C) 2017 ARM Ltd and ARM Germany GmbH. All rights reserved.
License Information: 890 937240243@qq.com, 80, LIC=8RMUH-WX7EC-ZSIY8-38RF6-SG49H-1P784
 
Tool Versions:
Toolchain:       *** Unknown Product ***  Version: 5.23
Toolchain Path:  D:\Keil_v5\ARM\ARMCC\Bin
C Compiler:      Armcc.exe V5.06 update 4 (build 422)
Assembler:       Armasm.exe V5.06 update 4 (build 422)
Linker/Locator:  ArmLink.exe V5.06 update 4 (build 422)
Library Manager: ArmAr.exe V5.06 update 4 (build 422)
Hex Converter:   FromElf.exe V5.06 update 4 (build 422)
CPU DLL:         SARMCM3.DLL V5.23
Dialog DLL:      DCM.DLL V1.15.0.0
Target DLL:      Segger\JL2CM3.dll V2.99.23.0
Dialog DLL:      TCM.DLL V1.27.0.0
 
<h2>Project:</h2>
D:\PROJECT_PROJECT\suspension system\正点原子开发板\ad7705正点原子6.20\USER\SPI.uvprojx
Project File Date:  06/18/2022

<h2>Output:</h2>
*** Using Compiler 'V5.06 update 4 (build 422)', folder: 'D:\Keil_v5\ARM\ARMCC\Bin'
Rebuild target 'SPI'
compiling led.c...
compiling system_stm32f4xx.c...
compiling stm32f4xx_it.c...
compiling spi.c...
compiling key.c...
compiling main.c...
main.c(40): warning:  #223-D: function "Dac1_Init" declared implicitly
  	Dac1_Init();
main.c: 1 warning, 0 errors
assembling startup_stm32f40_41xxx.s...
compiling lcd.c...
compiling dac.c...
compiling ad7705.c...
..\HARDWARE\AD7705\ad7705.c(129): warning:  #177-D: variable "i"  was declared but never referenced
    u8 i = 0;
..\HARDWARE\AD7705\ad7705.c(130): warning:  #177-D: variable "l_ncm1_25"  was declared but never referenced
  	u32 l_ncm1_25 = 0;
..\HARDWARE\AD7705\ad7705.c(131): warning:  #177-D: variable "l_ncm1_33"  was declared but never referenced
  	u32 l_ncm1_33 = 0;
..\HARDWARE\AD7705\ad7705.c(132): warning:  #177-D: variable "l_ncm1_50"  was declared but never referenced
  	u32 l_ncm1_50 = 0;
..\HARDWARE\AD7705\ad7705.c: 4 warnings, 0 errors
compiling delay.c...
compiling usart.c...
compiling sys.c...
compiling misc.c...
compiling stm32f4xx_gpio.c...
compiling stm32f4xx_fsmc.c...
compiling stm32f4xx_syscfg.c...
compiling stm32f4xx_rcc.c...
compiling stm32f4xx_usart.c...
compiling stm32f4xx_spi.c...
compiling stm32f4xx_dac.c...
linking...
Program Size: Code=14856 RO-data=600 RW-data=76 ZI-data=1836  
FromELF: creating hex file...
"..\OBJ\SPI.axf" - 0 Error(s), 5 Warning(s).

<h2>Collection of Component include folders:</h2>
  .\RTE\_SPI
  D:\Keil_v5\ARM\PACK\Keil\STM32F4xx_DFP\2.11.0\Drivers\CMSIS\Device\ST\STM32F4xx\Include

<h2>Collection of Component Files used:</h2>
Build Time Elapsed:  00:00:04
</pre>
</body>
</html>
