<html>
<body>
<pre>
<h1>µVision Build Log</h1>
<h2>Tool Versions:</h2>
IDE-Version: ¦ÌVision V5.23.0.0
Copyright (C) 2017 ARM Ltd and ARM Germany GmbH. All rights reserved.
License Information: 890 937240243@qq.com, 80, LIC=8RMUH-WX7EC-ZSIY8-38RF6-SG49H-1P784
 
Tool Versions:
Toolchain:       *** Unknown Product ***  Version: 5.23
Toolchain Path:  D:\Keil_v5\ARM\ARMCC\Bin
C Compiler:      Armcc.exe V5.06 update 4 (build 422)
Assembler:       Armasm.exe V5.06 update 4 (build 422)
Linker/Locator:  ArmLink.exe V5.06 update 4 (build 422)
Library Manager: ArmAr.exe V5.06 update 4 (build 422)
Hex Converter:   FromElf.exe V5.06 update 4 (build 422)
CPU DLL:         SARMCM3.DLL V5.23
Dialog DLL:      DCM.DLL V1.15.0.0
Target DLL:      Segger\JL2CM3.dll V2.99.23.0
Dialog DLL:      TCM.DLL V1.27.0.0
 
<h2>Project:</h2>
D:\Project\lws_stm32\Encoder\USER\PWM.uvprojx
Project File Date:  05/22/2022

<h2>Output:</h2>
*** Using Compiler 'V5.06 update 4 (build 422)', folder: 'D:\Keil_v5\ARM\ARMCC\Bin'
Rebuild target 'PWM'
compiling stm32f4xx_it.c...
compiling pwm.c...
compiling encode.c...
compiling led.c...
compiling nvic.c...
compiling system_stm32f4xx.c...
compiling main.c...
main.c(15): warning:  #550-D: variable "get_v"  was set but never used
  	float get_v;
main.c(17): warning:  #177-D: variable "t"  was declared but never referenced
  	u8 t = 0;
main.c(19): warning:  #177-D: variable "serial_len"  was declared but never referenced
  	u8 serial_len = 0;
main.c: 3 warnings, 0 errors
assembling startup_stm32f40_41xxx.s...
compiling adc.c...
compiling zexit.c...
..\HARDWARE\ZEXIT\zexit.c(5): warning:  #177-D: variable "NVIC_InitStructure"  was declared but never referenced
  	NVIC_InitTypeDef   NVIC_InitStructure;
..\HARDWARE\ZEXIT\zexit.c: 1 warning, 0 errors
compiling sys.c...
compiling usart.c...
..\SYSTEM\usart\usart.c(77): warning:  #177-D: variable "NVIC_InitStructure"  was declared but never referenced
  	NVIC_InitTypeDef NVIC_InitStructure;
..\SYSTEM\usart\usart.c: 1 warning, 0 errors
compiling misc.c...
compiling delay.c...
compiling stm32f4xx_gpio.c...
compiling stm32f4xx_usart.c...
compiling stm32f4xx_syscfg.c...
compiling stm32f4xx_adc.c...
compiling stm32f4xx_exti.c...
compiling stm32f4xx_rcc.c...
compiling stm32f4xx_can.c...
compiling stm32f4xx_tim.c...
linking...
Program Size: Code=12232 RO-data=424 RW-data=52 ZI-data=1836  
FromELF: creating hex file...
"..\OBJ\PWM.axf" - 0 Error(s), 5 Warning(s).

<h2>Collection of Component include folders:</h2>
  .\RTE\_PWM
  D:\Keil_v5\ARM\PACK\Keil\STM32F4xx_DFP\2.11.0\Drivers\CMSIS\Device\ST\STM32F4xx\Include

<h2>Collection of Component Files used:</h2>
Build Time Elapsed:  00:00:03
</pre>
</body>
</html>
