<html>
<body>
<pre>
<h1>µVision Build Log</h1>
<h2>Tool Versions:</h2>
IDE-Version: ¦ÌVision V5.23.0.0
Copyright (C) 2017 ARM Ltd and ARM Germany GmbH. All rights reserved.
License Information: 890 937240243@qq.com, 80, LIC=8RMUH-WX7EC-ZSIY8-38RF6-SG49H-1P784
 
Tool Versions:
Toolchain:       *** Unknown Product ***  Version: 5.23
Toolchain Path:  D:\Keil_v5\ARM\ARMCC\Bin
C Compiler:      Armcc.exe V5.06 update 4 (build 422)
Assembler:       Armasm.exe V5.06 update 4 (build 422)
Linker/Locator:  ArmLink.exe V5.06 update 4 (build 422)
Library Manager: ArmAr.exe V5.06 update 4 (build 422)
Hex Converter:   FromElf.exe V5.06 update 4 (build 422)
CPU DLL:         SARMCM3.DLL V5.23
Dialog DLL:      DCM.DLL V1.15.0.0
Target DLL:      Segger\JL2CM3.dll V2.99.23.0
Dialog DLL:      TCM.DLL V1.27.0.0
 
<h2>Project:</h2>
D:\Project\lws_stm32\MCP2515\USER\SPI.uvprojx
Project File Date:  07/11/2022

<h2>Output:</h2>
*** Using Compiler 'V5.06 update 4 (build 422)', folder: 'D:\Keil_v5\ARM\ARMCC\Bin'
Rebuild target 'SPI'
compiling key.c...
compiling stm32f4xx_it.c...
compiling main.c...
compiling led.c...
compiling system_stm32f4xx.c...
compiling delay.c...
compiling CAN_MCP2515.c...
..\HARDWARE\MCP2515\CAN_MCP2515.c(595): warning:  #177-D: variable "sta"  was declared but never referenced
      u8 sta;
..\HARDWARE\MCP2515\CAN_MCP2515.c(667): warning:  #550-D: variable "STA"  was set but never used
      u8 STA;
..\HARDWARE\MCP2515\CAN_MCP2515.c(292): warning:  #177-D: function "MCP2515_Load_TX_Buff"  was declared but never referenced
  static void MCP2515_Load_TX_Buff(u8 reg)
..\HARDWARE\MCP2515\CAN_MCP2515.c: 3 warnings, 0 errors
assembling startup_stm32f40_41xxx.s...
compiling sys.c...
compiling misc.c...
compiling usart.c...
compiling stm32f4xx_gpio.c...
compiling stm32f4xx_fsmc.c...
compiling stm32f4xx_spi.c...
compiling stm32f4xx_rcc.c...
compiling stm32f4xx_syscfg.c...
compiling stm32f4xx_usart.c...
linking...
Program Size: Code=8656 RO-data=424 RW-data=64 ZI-data=1872  
FromELF: creating hex file...
"..\OBJ\SPI.axf" - 0 Error(s), 3 Warning(s).

<h2>Collection of Component include folders:</h2>
  .\RTE\_SPI
  D:\Keil_v5\ARM\PACK\Keil\STM32F4xx_DFP\2.11.0\Drivers\CMSIS\Device\ST\STM32F4xx\Include

<h2>Collection of Component Files used:</h2>
Build Time Elapsed:  00:00:03
</pre>
</body>
</html>
